type octile
height 163
width 252
map
@@@@@@@@@@@@@@@@@@@@@@@@@@@@@@@@@@@@@@@@@@@@@@@@@@@@@@@@@@@@@@@@@@@@@@@@@@@@@@@@@@@@@@@@@@@@@@@@@@@@@@@@@@@@@@@@@@@@@@@@@@@@@@@@@@@@@@@@@@@@@@@@@@@@@@@TTTTTTTTTTTTTTTTTTT@@@@@@@TTTTTTTTTTTTTTTTTTT@@@@@@@@@@@@@@@@@@@@@@@@@@@@@@@@@@@@@@@@@@@@@@@@@@@@@@@@
@@@@@@@@@@@@@@@@@@@@@@@@@@@@@@@@@@@@@@@@@@@@@@@@@@@@@@@@@@@@@@@@@@@@@@@@@@@@@@@@@@@@@@@@@@@@@@@@@@@@@@@@@@@@@@@@@@@@@@TTTTTTTTTTTTTTTTTTTTTTTTTTTTTTTT@TTTTTTTTTTTTTTTTTTT@@@@@@TTTTTTTTTTTTTTTTTTTT@@@@@@@@@@@@@@@@@@@@@@@@@@@@@@@@@@@@@@@@@@@@@@@@@@@@@@@@
@@@@@@@@@@@@@@@@@@@@@@@@@@@@@@@@@@@@@@@@@@@@@@@@@@@@@@@@@@@@@@@@@@@@@@@@@@@@@@@@@@@@@@@@@@@@@@@@@@@@@@@@@@@@@@@@@@@@@@TTTTTTTTTTTTTTTTTTTTTTTTTTTTTTTT@@@@@@@@T........TTTT@@@@@TTTT....TTTTT@@@@@@@@@@@@@@@@@@@@@@@@@@@@@@@@@@@@@@@@@@@@@@@@@@@@@@@@@@@@@@@
@@@@@@@@@@@@@@@@@@@@@@@@@@@@@@@@@@@@@@@@@@@@@@@@@@@@@@@@@@@@@@@@@@@@@@@@@@@@@@@@@@@@@@@@@@@@@@@@@@@@@@@@@@@@@@@@@@@@@@TT...TTTT.....TTTTTTTTTTTT....TT@@@@@@@@T........TTTT@@@@TTTT.....TTTTT@@@@@@@@@@@@@@@@@@@@@@@@@@@@@@@@@@@@@@@@@@@@@@@@@@@@@@@@@@@@@@@
@@@@@@@@@@@@@@@@@@@@@@@@@@@@@@@@@@@@@@@@@@@@@@@@@@@@@@@@@@@@@@@@@@@@@@@@@@@@@@@@@@@@@@@@@@@@@@@@@@@@@@@@@@@@@@@@@@@@@@TT....TT.........TTTTTT.......TT@@@@@@@@T.........TTTTTTTTTTT.....TTTTT@@@@@@@@@@@@@@@@@@@@@@@@@@@@@@@@@@@@@@@@@@@@@@@@@@@@@@@@@@@@@@@
@@@@@@@@@@@@@@@@@@@@@@@@@@@@@@@@@@@@@@@@@@@@@@@@@@@@@@@@@@@@@@@@@@@@@@@@@@@@@@@@@@@@@@@@@@@@@@@@@@@@@@@@@@@@@@@@@@@@@@TT...............TTTTTT.......TT@@@@@@@@T.........TTTTTTTTTT......TTTTT@@@@@@@@@@@@@@@@@@@@@@@@@@@@@@@@@@@@@@@@@@@@@@@@@@@@@@@@@@@@@@@
@@@@@@@@@@@@@@@@@@@@@@@@@@@@@@@@@@@@@@@@@@@@@@@@@@@@@@@@@@@@@@@@@@@@@@@@@@@@@@@@@@@@@@@@@@@@@@@@@@@@@@@@@@@@@@@@@@@@@@TT...T...........TTTTTT.......TT@@@@@@@@T..........TTTTTTTT.......TTTTT@@@@@@@@@@@@@@@@@@@@@@@@@@@@@@@@@@@@@@@@@@@@@@@@@@@@@@@@@@@@@@@
@@@@@@@@@@@@@@@@@@@@@@@@@@@@@@@@@@@@@@@@@@@@@@@@@@@@@@@@@@@@@@@@@@@@@@@@@@@@@@@@@@@@@@@@@@@@@@@@@@@@@@@@@@@@@@@@@@@@@@TTT..T...........TTTTTT......TTTT@@@@@@TTTT.......................TTTTTT@@@@@@@@@@@@@@@@@@@@@@@@@@@@@@@@@@@@@@@@@@@@@@@@@@@@@@@@@@@@@@
@@@@@@@@@@@@@@@@@@@@@@@@@@@@@@@@@@@@@@@@@@@@@@@@@@@@@@@@@@@@@@@@@@@@@@@@@@@@@@@@@@@@@@@@@@@@@@@@@@@@@@@@@@@@@@@@@@@@@@TTTTTT...........TTTTTT......TTTT@@@@@@TTTT.......................TTTTTT@@@@@@@@@@@@@@@@@@@@@@@@@@@@@@@@@@@@@@@@@@@@@@@@@@@@@@@@@@@@@@
@@@@@@@@@@@@@@@@@@@@@@@@@@@@@@@@@@@@@@@@@@@@@@@@@@@@@@@@@@@@@@@@@@@@@@@@@@@@@@@@@@@@@@@@@@@@@@@@@@@@@@@@@@@@@@@@@@@@@@TTT..............TTTTTT......TTTT@@@@@@TTTT.......................TTTTTT@@@@@@@@@@@@@@@@@@@@@@@@@@@@@@@@@@@@@@@@@@@@@@@@@@@@@@@@@@@@@@
@@@@@@@@@@@@@@@@@@@@@@@@@@@@@@@@@@@@@@@@@@@@@@@@@@@@@@@@@@@@@@@@@@@@@@@@@@@@@@@@@@@@@@@@@@@@@@@@@@@@@@@@@@@@@@@@@@@@@@TTT........................TTTTTT@@@@@@TTTT.........................TTTT@@@@@@@@@@@@@@@@@@@@@@@@@@@@@@@@@@@@@@@@@@@@@@@@@@@@@@@@@@@@@@
@@@@@@@@@@@@@@@@@@@@@@@@@@@@@@@@@@@@@@@@@@@@@@@@@@@@@@@@@@@@@@@@@@@@@@@@@@@@@@@@@@@@@@@@@@@@@@@@@@@@@@@@@@@@@@@@@@@@@@TTTT.......................TTTTT@@@@@@@@T.............................T@@@@@@@@@@@@@@@@@@@@@@@@@@@@@@@@@@@@@@@@@@@@@@@@@@@@@@@@@@@@@@@
@@@@@@@@@@@@@@@@@@@@@@@@@@@@@@@@@@@@@@@@@@@@@@@@@@@@@@@@@@@@@@@@@@@@@@@@@@@@@@@@@@@@@@@@@@@@@@@@@@@@@@@@@@@@@@@@@@@@@@TTTT.......................TTTTT@@@@@@@@T.............................T@@@@@@@@@@@@@@@@@@@@@@@@@@@@@@@@@@@@@@@@@@@@@@@@@@@@@@@@@@@@@@@
@@@@@@@@@@@@@@@@@@@@@@@@@@@@@@@@@@@@@@@@@@@@@@@@@@@@@@@@@@@@@@@@@@@@@@@@@@@@@@@@@@@@@@@@@@@@@@@@@@@@@@@@@@@@@@@@@@@@@@TTTT.......................TTTTT@@@@@@@@T.............................T@@@@@@@@@@@@@@@@@@@@@@@@@@@@@@@@@@@@@@@@@@@@@@@@@@@@@@@@@@@@@@@
@@@@@@@@@@@@@@@@@@@@@@@@@@@@@@@@@@@@@@@@@@@@@@@@@@@@@@@@@@@@@@@@@@@@@@@@@@@@@@@@@@@@@@@@@@@@@@@@@@@@@@@@@@@@@@@@@@@@@@TTTTTT.....................TTTTT@@@@@@@@T.............................T@@@@@@@@@@@@@@@@@@@@@@@@@@@@@@@@@@@@@@@@@@@@@@@@@@@@@@@@@@@@@@@
@@@@@@@@@@@@@@@@@@@@@@@@@@@@@@@@@@@@@@@@@@@@@@@@@@@@@@@@@@@@@@@@@@@@@@@@@@@@@@@@@@@@@@@@@@@@@@@@@@@@@@@@@@@@@@@@@@@@@@TTTTTT.....................TTTTT@@@@@@@TTTT...........................T@@@@@@@@@@@@@@@@@@@@@@@@@@@@@@@@@@@@@@@@@@@@@@@@@@@@@@@@@@@@@@@
@@@@@@@@@@@@@@@@@@@@@@@@@@@@@@@@@@@@@@@@@@@@@@@@@@@@@@@@@@@@@@@@@@@@@@@@@@@@@@@@@@@@@@@@@@@@@@@@@@@@@@@@@@@@@@@@@@@@@@TTTTTT....................TTTTTT@@@@@@@TTTT.....................TTTTTTTT@@@@@@@@@@@@@@@@@@@@@@@@@@@@@@@@@@@@@@@@@@@@@@@@@@@@@@@@@@@@@@
@@@@@@@@@@@@@@@@@@@@@@@@@@@@@@@@@@@@@@@@@@@@@@@@@@@@@@@@@@@@@@@@@@@@@@@@@@@@@@@@@@@@@@@@@@@@@@@@@@@@@@@@@@@@@@@@@@@@@@TTTTTT....................TTTTTT@@@@@@@TTTT...TT................TTTTTTTT@@@@@@@@@@@@@@@@@@@@@@@@@@@@@@@@@@@@@@@@@@@@@@@@@@@@@@@@@@@@@@
@@@@@@@@@@@@@@@@@@@@@@@@@@@@@@@@@@@@@@@@@@@@@@@@@@@@@@@@@@@@@@@@@@@@@@@@@@@@@@@@@@@@@@@@@@@@@@@@@@@@@@@@@@@@@@@@@@@@@@TTT......................TTTTTTT@@@@@@@TTTT...TTT...............TTTTTTTT@@@@@@@@@@@@@@@@@@@@@@@@@@@@@@@@@@@@@@@T.......@@@@@@@@@@@@@@@
@@@@@@@@@@@@@@@@@@@@@@@@@@@@@@@@@@@@@@@@@@@@@@@@@@@@@@@@@@@@@@@@@@@@@@@@@@@@@@@@@@@@@@@@@@@@@@@@@@@@@@@@@@@@@@@@@@@@@@TTTT....................TTTT@@TT@@@@@@@@T....TTTT...............TTTTT@T@@@@@@@@@@@@@@@@@@@@@@@@@@@@@@@@@@@@@@@@T.......@@@@@@@@@@@@@@@
@@@@@@@@@@@@@@@@@@@@@@@@@@@@@@@@@@@@@@@@@@@@@@@@@@@@@@@@@@@@@@@@@@@@@@@@@@@@@@@@@@@@@@@@@@@@@@@@@@@@@@@@@@@@@@@@@@@@@@TTTT.T.................TTTT@@@TT@@@@@@@@T....TTTTT..............TTTTT@T@@@@@@@@@@@@@@@@@@@@@@@@@@@@@@@@@@@@@@@@T.......@@@@@@@@@@@@@@@
@@@@@@@@@@@@@@@@@@@@@@@@@@@@@@@@@@@@@@@@@@@@@@@@@@@@@@@@@@@@@@@@@@@@@@@@@@@@@@@@@@@@@@@@@@@@@@@@@@@@@@@@@@@@@@@@@@@@@@TTT@TTT................TTT@TTTTT@@@@@@@@T....TTTTTT.............TTTTT@T@@@@@@@@@@@@@@@@@@@@@@@@@@@@@@@@@@@@@@@@T.......@@@@@@@@@@@@@@@
@@@@@@@@@@@@@@@@@@@@@@@@@@@@@@@@@@@@@@@@@@@@@@@@@@@@@@@@@@@@@@@@@@@@@@@@@@@@@@@@@@@@@@@@@@@@@@@@@@@@@@@@@@@@@@@@@@@@@@TT@@TTTTTT.........TTTTTTT@TTTTT@@@@@@@@T....TTTTTT.............TTTTT@T@@@@@@@@@@@@@@@@@@@@@@@@@@@@@@@@@@@@@@@@T.......@@@@@@@@@@@@@@@
@@@@@@@@@@@@@@@@@@@@@@@@@@@@@@@@@@@@@@@@@@@@@@@@@@@@@@@@@@@@@@@@@@@@@@@@@@@@@@@@@@@@@@@@@@@@@@@@@@@@@@@@@@@@@@@@@@@@@@TTTTTTTTTTTTTTT...TTTTTTTTTTTTTT@@@@@@@TTT...TTTT...............TTTTTTTT@@@@@@@@@@@@@@@@@@@@@@@@@@@@@@@@@@@@@@@T........@@@@@@@@@@@@@@
@@@@@@@@@@@@@@@@@@@@@@@@@@@@@@@@@@@@@@@@@@@@@@@@@@@@@@@@@@@@@@@@@@@@@@@@@@@@@@@@@@@@@@@@@@@@@@@@@@@@@@@@@@@@@@@@@@@@@@TTTTTTTTTTTTTTT...TTTTTTTTTTTTTT@@@@@@@TTT...TTTT...............TTTTTTTT@@@@@@@@@@@@@@@@@@@@@@@@@@@@@@@@@@@@@@@T........@@@@@@@@@@@@@@
@@@@@@@@@@@@@@@@@@@@@@@@@@@@@@@@@@@@@@@@@@@@@@@@@@@@@@@@@@@@@@@@@@@@@@@@@@@@@@@@@@@@@@@@@@@@@@@@@@@@@@@@@@@@@@@@@@@@@TTTTTTTTTTTTTTTT...TTTTTTTTTTTTTTTTTTTTTTTT...TTTTT..............TTTTTTTT@@@@@@@@@@@@@@@@@@@@@@@@@@@@@@@@@@@@@@@T........@@@@@@@@@@@@@@
@@@@@@@@@@@@@@@@@@@@@@@@@@@@@@@@@@@@@@@@@@@@@@@@@@@@@@@@@@@@@@@@@@@@@@@@@@@@@@@@@@@@@@@@@@@@@@TTTTTTTTTTTTTTTTT@@@@@@TTTTTTTTTTTTTTTT...TTTTTTTTTTTTTTTTTTTTTTTT...TTTTT..............TTTTTTTT@@@@@@@@@@@@@@@@@@@@@@@@@@@@@@@@@@@@@@@T........@@@@@@@@@@@@@@
@@@@@@@@@@@@@@@@@@@@@@@@@@@@@@@@@@@@@@@@@@@@@@@@@@@@@@@@@@@@@@@@@@@@@@@@@@@@@@@@@@@@@@@@@@@@@TTTTTTTTTTTTTTTTTT@@@@@TTTTT...TTTT..T......TT.TTTTTTTTTTTT...TTTT....TTTTTT.............TTTTTTT@@@@@@@@@@@@@@@@@@@@@@@@TTTTTTTTTTTTTTTTT........@@@@@@@@@@@@@@
@@@@@@@@@@@@@@@@@@@@@@@@@@@@@@@@@@@@@@@@@@@@@@@@@@@@@@@@@@@@@@@@@@@@@@@@@@@@@@@@@@@@@@@@@@@@TT..TTTTTTTTTTTTTT@@@@@TTTTTT...TTTT............TTTTTTTTTTTT...TTTT....TTTTTT.............TTTTTTT@@@@@@@@@@@@@@@@@@@@@@@TTTTTTTTTTTTTTTTTT........@@@@@@@@@@@@@@
@@@@@@@@@@@@@@@@@@@@@@@@@@@@@@@@@@@@@@@@@@@@@@@@@@@@@@@@@@@@@@@@@@@@@@@@@@@@@@@@@@@@@@@@@@@TTTT.............TT@@@@TT...........................TTTTTTTT....TTTT....TTTTTT.............TTTTTTT@@@@@@@@@@@@@@@@@@@@@@TT...TTT........TTT........@@@@@@@@@@@@@@
@@@@@@@@@@@@@@@@@@@@@@@@@@@@@@@@@@@@@@@@@@@@@@@@@@@@@@@@@@@@@@@@@@@@@@@@@@@@@@@@@@@@@@@@@@TTTTT.............TT@@@TT........................................TTTT....TTTTTT.............TTTTTTT@@@@@@@@@@@@@@@@@@@@@TT...............TTT........@@@@@@@@@@@@@@
@@@@@@@@@@@@@@@@@@@@@@@@@@@@@@@@@@@@@@@@@@@@@@@@@@@@@@@@@@@@@@@@@@@@@@@@@@@@@@@@@@@@@@@@@TTTTT..............TTTTTT.........................................TTTTTT..TTTTTT.............TTTTTTT@@@@@@@@@@@@@@@@@@@@TT................TTTT.......@@@@@@@@@@@@@@
@@@@@@@@@@@@@@@@@@@@@@@@@@@@@@@@@@@@@@@@@@@@@@@@@@@@@@@@@@@@@@@@@@@@@@@@@@@@@@@@@@@@@@TTTT..TT.............TTTTTTT........................................TTTTTTT..TTTTT..............TTTTTTTT@@@@@@@@@@@@@@@@@@TT.................TTTTT......@@@@@@@@@@@@@@
@@@@@@@@@@@@@@@@@@@@@@@@@@@@@@@@@@@@@@@@@@@@@@@@@@@@@@@@@@@@@@@@@@@@@@@@@@@@@@@@@@@@@@TTTT.................TTTTTTT........................................TTTTTTT...TTT...............TTTTTTTTT@@@@@@@@@@@@TTTTTTT.................TTTTTTT....@@@@@@@@@@@@@@
@@@@@@@@@@@@@@@@@@@@@@@@@@@@@@@@@@@@@@@@@@@@@@@@@@@@@@@@@@@@@@@@@@@@@@@@@@@@@@@@@@@@@@TTTT.................TTTTTTT........................................TTTTTTT...TT................TTTTTTTTTTTTTTTTTTTTTTTTTTTT..................TTTTTTTTT.@@@@@@@@@@@@@@
@@@@@@@@@@@@@@@@@@@@@@@@@@@@@@@@@@@@@@@@@@@@@@@@@@@@@@@@@@@@@@@@@@@@@@@@@@@@@@@@@@@@@@TTTT.................TTTTTT..........................................TTTT.......................TTTTT.TTTTTTTTTTTTTTTTTTTTTT....................TTTTTTT.@@@@@@@@@@@@@@
@@@@@@@@@@@@@@@@@@@@@@@@@@@@@@@@@@@@@@@@@@@@@@@@@@@@@@@@@@@@@@@@@@@@@@@@@@@@@@@@@@@@@@TTT..................TTTTTT..........................................TTTT.......................TTTTT.TTT............TTTTTTT.....................TTTTTT.@@@@@@@@@@@@@@
@@@@@@@@@@@@@@@@@@@@@@@@@@@@@@@@@@@@@@@@@@@@@@@@@@@@@@@@@@@@@@@@@@@@@@@@@@@@@@@@@@@@@@TTT..................TTTTTT..........................................TTTT.......................TTTTT.TTT............TTTT..........................TTTT.@@@@@@@@@@@@@@
@@@@@@@@@@@@@@@@@@@@@@@@@@@@@@@@@@@@@@@@@@@@@@@@@@@@@@@@@@@@@@@@@@@@@@@@@@@@@@@@@@@@@@TTT..................TTTTT...........................................TTTT.......................TTTTT.TTT............TTTT...............................@@@@@@@@@@@@@@
@@@@@@@@@@@@@@@@@@@@@@@@@@@@@@@@@@@@@@@@@@@@@@@@@@@@@@@@@@@@@@@@@@@@@@@@@@@@@@@@@@@@@@TTT...................TTTT...........................................TTTT.............................TTT............TTTT...............................@@@@@@@@@@@@@@
@@@@@@@@@@@@@@@@@@@@@@@@@@@@@@@@@@@@@@@@@@@@@@@@@@@@@@@@@@@@@@@@@@@@@@@@@@@@@@@@@@@@@@TTT.....................................................................................................................................................@@@@@@@@@@@@@@
@@@@@@@@@@@@@@@@@@@@@@@@@@@@@@@@@@@@@@@@@@@@@@@@@@@@@@@@@@@@@@@@@@@@@@@@@@@@@@@@@@@@@@TTT.....................................................................................................................................................@@@@@@@@@@@@@@
@@@@@@@@@@@@@@@@@@@@@@@@@@@@@@@@@@@@@@@@@@@@@@@@@@@@@@@@@@@@@@@@@@@@@@@@@@@@@@@@@@@@@@TTT.....................................................................................................................................................@@@@@@@@@@@@@@
@@@@@@@@@@@@@@@@@@@@@@@@@@@@@@@@@@@@@@@@@@@@@@@@@@@@@@@@@@@@@@@@@@@@@@@@@@@@@@@@@@@@@@TTT...................TTTT...........................................TTTT.............................TTT............TTTT...............................@@@@@@@@@@@@@@
@@@@@@@@@@@@@@@@@@@@@@@@@@@@@@@@@@@@@@@@@@@@@@@@@@@@@@@@@@@@@@@@@@@@@@@@@@@@@@@@@@@@@@TTT..................TTTTT...........................................TTTT.............................TTT............TTTT...............................@@@@@@@@@@@@@@
@@@@@@@@@@@@@@@@@@@@@@@@@@@@@@@@@@@@@@@@@@@@@@@@@@@@@@@@@@@@@@@@@@@@@@@@@@@@@@@@@@@@@@TTT..................TTTTTT..........................................TTTT.............................TTT............TTTTTTT.......................TTTT.@@@@@@@@@@@@@@
@@@@@@@@@@@@@@@@@@@@@@@@@@@@@@@@@@@@@@@@@@@@@@@@@@@@@@@@@@@@@@@@@@@@@@@@@@@@@@@@@@@@@@TTT..................TTTTTT..........................................TTTT.............................TTT............TTTTTTT.....................TTTTTT.@@@@@@@@@@@@@@
@@@@@@@@@@@@@@@@@@@@@@@@@@@@@@@@@@@@@@@@@@@@@@@@@@@@@@@@@@@@@@@@@@@@@@@@@@@@@@@@@@@@@@TTT..................TTTTTT..........................................TTTTTT.........................TTTTTTTTTTTTTTTTTTTTTTTT...................TTTTTTTT.@@@@@@@@@@@@@@
@@@@@@@@@@@@@@@@@@@@@@@@@@@@@@@@@@@@@@@@@@@@@@@@@@@@@@@@@@@@@@@@@@@@@@@@@@@@@@@@@@@@@@TTT..................TTTTTT.........................................TTTTTTTTT.......................TTTT@@@@@@@@@@@@@@@TTTTT.................TTTTTTTTTT.@@@@@@@@@@@@@@
@@@@@@@@@@@@@@@@@@@@@@@@@@@@@@@@@@@@@@@@@@@@@@@@@@@@@@@@@@@@@@@@@@@@@@@@@@@@@@@@@@@@@@TTT..................TTTTTT.........................................TTTTTTTTTTT..................TTTTTTT@@@@@@@@@@@@@@@TTTTT.................TTTTTTTT...@@@@@@@@@@@@@@
@@@@@@@@@@@@@@@@@@@@@@@@@@@@@@@@@@@@@@@@@@@@@@@@@@@@@@@@@@@@@@@@@@@@@@@@@@@@@@@@@@@@@@TTT..................TTTTTTT........................................TTTTTTTTTTTT................TTTTTTTT@@@@@@@@@@@@@@@@@@TTT................TTTTTT.....@@@@@@@@@@@@@@
@@@@@@@@@@@@@@@@@@@@@@@@@@@@@@@@@@@@@@@@@@@@@@@@@@@@@@@@@@@@@@@@@@@@@@@@@@@@@@@@@@@@@@TTT..................TTTT@TTT........................................TTTT@TTTTTTT..............TTTTTT@@@@@@@@@@@@@@@@@@@@@@TTT...............TTTT.......@@@@@@@@@@@@@@
@@@@@@@@@@@@@@@@@@@@@@@@@@@@@@@@@@@@@@@@@@@@@@@@@@@@@@@@@@@@@@@@@@@@@@@@@@@@@@@@@@@@@@TTT..................TTT@@@TTT.......................................TTTTTTT@TTT...............TTTTT@@@@@@@@@@@@@@@@@@@@@@@@TTT...TTT........TTT........@@@@@@@@@@@@@@
@@@@@@@@@@@@@@@@@@@@@@@@@@@@@@@@@@@@@@@@@@@@@@@@@@@@@@@@@@@@@@@@@@@@@@@@@@@@@@@@@@@@@@TTT.................TTTT@@@@TTT..........................TTTTTT......TTTTTTT@@TTTT............TTTTT@@@@@@@@@@@@@@@@@@@@@@@@@@TTTTTTTTTTTTTTTTTTT........@@@@@@@@@@@@@@
@@@@@@@@@@@@@@@@@@@@@@@@@@@@@@@@@@@@@@@@@@@@@@@@@@@@@@@@@@@@@@@@@@@@@@@@@@@@@@@@@@@@@@TTT.................TTTT@@@@@TTTTTT...TTTTT........TT.TTTTTTTTTTTT...TTTT@TT@@TTTT............TTTT@@@@@@@@@@@@@@@@@@@@@@@@@@@@TTTTTTTTTTTTTTTTTT........@@@@@@@@@@@@@@
@@@@@@@@@@@@@@@@@@@@@@@@@@@@@@@@@@@@@@@@@@@@@@@@@@@@@@@@@@@@@@@@@@@@@@@@@@@@@@@@@@@@@@TTTT.................TTTT@@@@@TTTTTTTTTTTTTTTTT...TTTTTTTTTTTTTTTTTTTTTTTTTTTTTTTTTTTT...TTTTTTTT@@@@@@@@@@@@@@@@@@@@@@@@@@@@@@@@@@@@@@@@@@@@@@T.......@@@@@@@@@@@@@@@
@@@@@@@@@@@@@@@@@@@@@@@@@@@@@@@@@@@@@@@@@@@@@@@@@@@@@@@@@@@@@@@@@@@@@@@@@@@@@@@@@@@@@@TTTT.................TTTT@@@@@@TTTTTTTTTTTTTTTT...TTTTTTTTTTTTTTTTTTTTTTTTTTTTTTTTTTTT...TTTTTTTT@@@@@@@@@@@@@@@@@@@@@@@@@@@@@@@@@@@@@@@@@@@@@@T.......@@@@@@@@@@@@@@@
@@@@@@@@@@@@@@@@@@@@@@@@@@@@@@@@@@@@@@@@@@@@@@@@@@@@@@@@@@@@@@@@@@@@@@@@@@@@@@@@@@@@@@TTTTTT...............TTTT@@@@@@TTTTTTTTTTTTTTTTTTTTT@@TTTT@@@@TTTT@@@TTTT@@@@@TTTTTTTT...TTTTTTTT@@@@@@@@@@@@@@@@@@@@@@@@@@@@@@@@@@@@@@@@@@@@@@T.......@@@@@@@@@@@@@@@
@@@@@@@@@@@@@@@@@@@@@@@@@@@@@@@@@@@@@@@@@@@@@@@@@@@@@@@@@@@@@@@@@@@@@@@@@@@@@@@@@@@@@@TTTTTTT..............TTTT@@@@@@@@@@@@@@@@@@@@@@@@@@@@@@@@@@@@@@@@@@@@@@@@@@@@@@TTTTTTT...TTTTTTT@@@@@@@@@@@@@@@@@@@@@@@@@@@@@@@@@@@@@@@@@@@@@@@T.......@@@@@@@@@@@@@@@
@@@@@@@@@@@@@@@@@@@@@@@@@@@@@@@@@@@@@@@@@@@@@@@@@@@@@@@@@@@@@@@@@@@@@@@@@@@@@@@@@@@@@@@@TTTTTT..............TT@@@@@@@@@@@@@@@@@@@@@@@@@@@@@@@@@@@@@@@@@@@@@@@@@@@@@@@T..............TT@@@@@@@@@@@@@@@@@@@@@@@@@@@@@@@@@@@@@@@@@@@@@@@T.......@@@@@@@@@@@@@@@
@@@@@@@@@@@@@@@@@@@@@@@@@@@@@@@@@@@@@@@@@@@@@@@@@@@@@@@@@@@@@@@@@@@@@@@@@@@@@@@@@@@@@@@@@TTTTTT.............TT@@@@@@@@@@@@@@@@@@@@@@@@@@@@@@@@@@@@@@@@@@@@@@@@@@@@@@@T..............TT@@@@@@@@@@@@@@@@@@@@@@@@@@@@@@@@@@@@@@@@@@@@@@@T.......@@@@@@@@@@@@@@@
@@@@@@@@@@@@@@@@@@@@@@@@@@@@@@@@@@@@@@@@@@@@@@@@@@@@@@@@@@@@@@@@@@@@@@@@@@@@@@@@@@@@@@@@@@TTTTT.............TT@@@@@@@@@@@@@@@@@@@@@@@@@@@@@@@@@@@@@@@@@@@@@@@@@@@@@@@T..............TT@@@@@@@@@@@@@@@@@@@@@@@@@@@@@@@@@@@@@@@@@@@@@@@T.......@@@@@@@@@@@@@@@
@@@@@@@@@@@@@@@@@@@@@@@@@@@@@@@@@@@@@@@@@@@@@@@@@@@@@@@@@@@@@@@@@@@@@@@@@@@@@@@@@@@@@@@@@@@TTTTTTTTTTTTTTTTTTT@@@@@@@@@@@@@@@@@@@@@@@@@@@@@@@@@@@@@@@@@@@@@@@@@@@@@@@T..............TT@@@@@@@@@@@@@@@@@@@@@@@@@@@@@@@@@@@@@@@@@@@@@@@T.......@@@@@@@@@@@@@@@
@@@@@@@@@@@@@@@@@@@@@@@@@@@@@@@@@@@@@@@@@@@@@@@@@@@@@@@@@@@@@@@@@@@@@@@@@@@@@@@@@@@@@@@@@@@@TTTTTTTTTTTTTTTTTTT@@@@@@@@@@@@@@@@@@@@@@@@@@@@@@@@@@@@@@@@@@@@@@@@@@@@@@T..............TT@@@@@@@@@@@@@@@@@@@@@@@@@@@@@@@@@@@@@@@@@@@@@@@T.......@@@@@@@@@@@@@@@
@@@@@@@@@@@@@@@@@@@@@@@@@@@@@@@@@@@@@@@@@@@@@@@@@@@@@@@@@@@@@@@@@@@@@@@@@@@@@@@@@@@@@@@@@@@@TTTTTTTTTTTTTTTTTTT@@@@@@@@@@@@@@@@@@@@@@@@@@@@@@@@@@@@@@@@@@@@@@@@@@@@@@T..............TT@@@@@@@@@@@@@@@@@@@@@@@@@@@@@@@@@@@@@@@@@@@@@@@@@@@@@@@@@@@@@@@@@@@@@@
@@@@@@@@@@@@@@@@@@@@@@@@@@@@@@@@@@@@@@@@@@@@@@@@@@@@@@@@@@@@@@@@@@@@@@@@@@@@@@@@@@@@@@@@@@@@@@TT@@@@@@@@@@@@TT@@@@@@@@@@@@@@@@@@@@@@@@@@@@@@@@@@@@@@@@@@@@@@@@@@@@@@@T..............TT@@@@@@@@@@@@@@@@@@@@@@@@@@@@@@@@@@@@@@@@@@@@@@@@@@@@@@@@@@@@@@@@@@@@@@
@@@@@@@@@TTTTTTTTT@@@@@@@TTTTTTTTT@@@@@@@TTTTTTTTT@@@@@@@TTTT@@@@@@@@@@@@@@@@@@@@@@@@@@@@@@@@@@@@@@@@@@@@@@@@@@@@@@@@@@@@@@@@@@@@@@@@@@@@@@@@@@@@@@@@@@@@@@@@@@@@@@@@T..............TT@@@@@@@@@@@@@@@@@@@@@@@@@@@@@@@@@@@@@@@@@@@@@@@@@@@@@@@@@@@@@@@@@@@@@@
@@@@TTTTTTTTTTTTTTTTTTTTTTTTTTTTTTTTTTTTTTTTTTTTTTTTTTTTTTTTT@@@@@@@@@@@@@@@@@@@@@@@@@@@@@@@@@@@@@@@@@@@@@@@@@@@@@@@@@@@@@@@@@@@@@@@@@@@@@@@@@@@@@@@@@@@@@@@@@@@@@@@@T..............TT@@@@@@@@@@@@@@@@@@@@@@@@@@@@@@@@@@@@@@@@@@@@@@@@@@@@@@@@@@@@@@@@@@@@@@
TTTTTTTTTTTTTTTTTTTTTTTTTTTTTTTTTTTTTTTTTTTTTTTTTTTTTTTTTTTTT@@@@@@@@@@@@@@@@@@@@@@@@@@@@@@@@@@@@@@@@@@@@@@@@@@@@@@@@@@@@@@@@@@@@@@@@@@@@@@@@@@@@@@@@@@@@@@@@@@@@@@@@T..............TT@@@@@@@@@@@@@@@@@@@@@@@@@@@@@@@@@@@@@@@@@@@@@@@@@@@@@@@@@@@@@@@@@@@@@@
TT......TTTTTTTTTT..TT..TTTTTTTTTT..TT...TTTTTTTTTT.TT..TTTTT@@@@@@@@@@@@@@@@@@@@@@@@@@@@@@@@@@@@@@@@@@@@@@@@@@@@@@@@@@@@@@@@@@@@@@@@@@@@@@@@@@@@@@@@@@@@@@@@@@@@@@@@T..............TT@@@@@@@@@@@@@@@@@@@@@@@@@@@@@@@@@@@@@@@@@@@@@@@@@@@@@@@@@@@@@@@@@@@@@@
TT......TTTTTTTTTT..TT..TTTTTTTTTT..TT...TTTTTTTTTT.TT..TTTTT@@@@@@@@@@@@@@@@@@@@@@@@@@@@@@@@@@@@@@@@@@@@@@@@@@@@@@@@@@@@@@@@@@@@@@@@@@@@@@@@@@@@@@@@@@@@@@@@@@@@@@@@T..............TT@@@@@@@@@@@@@@@@@@@@@@@@@@@@@@@@@@@@@@@@@@@@@@@@@@@@@@@@@@@@@@@@@@@@@@
T.......TTTTTTTTTT......TTTTTTTTTT.......TTTTTTTTTT.....TTTTT@@@@@@@@@@@@@@@@@@@@@@@@@@@@@@@@@@@@@@@@@@@@@@@@@@@@@@@@@@@@@@@@@@@@@@@@@@@@@@@@@@@@@@@@@@@@@@@@@@@@@@@@TTTTTTT...TTTTTTT@@@@@@@@@@@@@@TTTT..TTTT.TTTTTTTTT.TTTTT.TTTTTTTTTTTT@@@@@@@@@@@@@@@@@
T.......TTTTTTTTTTT.....TTTTTTTTTT.......TTTTTTTTTT.....TTTTT@@@@@@@@@@@@@@@@@@@@@@@@@@@@@@@@@@@@@@@@@@@@@@@@@@@@@@@@@@@@@@@@@@@@@@@@@@@@@@@@@@@@@@@@@@@@@@@@@@@@@@@@TTTTTTT...TTTTTTT@@@@@@@@@@@@@@TTTTT......TTTTTTTTT.......TTTTTTTTTTTT@@@@@@@@@@@@@@@@@
T........TTTTTTTTTT.....TTTTTTTTTT.......TTTTTTTTTT.....TTTTT@@@@@@@@@@@@@@@@@@@@@@@@@@@@@@@@@@@@@@@@@@@@@@@@@@@@@@@@@@@@@@@@@@@@@@@@@@@@@@@@@@@@@@@@@@@@@@@@TTTTTTTTTTTTTTT...TTTTTTTTTTTTTTTTTTTTTTTTTT.......TTTTTTTTT......TTTTTTTTTTTT@@@@@@@@@@@@@@@@@
T........TTTTTTTTTT......................TTTTTTTTTT.....TTTTT@@@@@@@@@@@@@@@@@@@@@@@@@@@@@@@@@@@@@@@@@@@@@@@@@@@@@@@@@@@@@@@@@@@@@@@@@@@@@@@@@@@@@@@@@@@@@@@@TTTTTTTTTTTTTTT...TTTTTTTTTTTTTTTTTTTTTTTTTT........TTTTTTT.......TTTTTTT...TT@@@@@@@@@@@@@@@@@
T.......................................................TTTTT@@@@@@@@@@@@@@@@@@@@@@@@@@@@@@@@@@@@@@@@@@@@@@@@@@@@@@@@@@@@@@@@@@@@@@@@@@@@@@@@@@@@@@@@@@@@@@@@@TTTTTTTTTTTTT.....TTTTTTTTTTTTTTTTTTTTTTTTT............TT.........TTTTT....TT@@@@@@@@@@@@@@@@@
TT......................................................TTTTT@@@@@@@@@@@@@@@@@@@@@@@@@@@@@@@@@@@@@@@@@@@@@@@@@@@@@@@@@@@@@@@@@@@@@@@@@@@@@@@@@@@@@@@@@@@@@@@@@TTTTTTTTTTTT......TTTTTTTTTTTT.TTTTTTTTT............................TTT....TT@@@@@@@@@@@@@@@@@
TT......................................................TTTTT@@@@@@@@@@@@@@@@@@@@@@@@@@@@@@@@@@@@@@@@@@@@@@@@@@@@@@@@@@@@@@@@@@@@@@@@@@@@@@@@@@@@@@@@@@@@@@@@@TTTTTTTTTTTT.........TT.........TTTTTTTT.............................T.....TT@@@@@@@@@@@@@@@@@
TT......................................................TTTTT@@@@@@@@@@@@@@@@@@@@@@@@@@@@@@@@@@@@@@@@@@@@@@@@@@@@@@@@@@@@@@@@@@@@@@@@@@@@@@@@@@@@@@@@@@@@@@@@@TTTTTT.TTTT......................TTTTTTT..........................T..T....TTT@@@@@@@@@@@@@@@@@
TTT.....................................................TTTTT@@@@@@@@@@@@@@@@@@@@@@@@@@@@@@@@@@@@@@@@@@@@@@@@@@@@@@@@@@@@@@@@@@@@@@@@@@@@@@@@@@@@@@@@@@@@@@@@TTTTTTT.TTTT..........................TTT.........................TTT.TT...TTT@TTTTTTTTTTTTTTTT
TTTT....................................................TTTTT@@@@@@@@@@@@@@@@@@@@@@@@@@@@@@@@@@@@@@@@@@@@@@@@@@@@@@@@@@@@@@@@@@@@@@@@@@@@@@@@@@@@@@@@@@@@@@@@TTTTTTT...........................................................TTTTTT...TTTTTTTTTTTTT.....TT
TTTT....................................................TTTTT@@@@@@@@@@@@@@@@@@@@@@@@@@@@@@@@@@@@@@@@@@@@@@@@@@@@@@@@@@@@@@@@@@@@@@@@@@@@@@@@@@@@@@@@@@@@@@@@TTTT...............................................................TTT.....TTTTTTTTTTT........T
TTTT....................................................TTTTTTTTTTTTTTTTTTTTT@@@@@@@@@@@@@@@@@@@@@@@@@@@@@@@@@@@@@@@@@@@@@@@@@@@@@@@@@@@@@@@@@@@@@@@@@@@@@@@@TTTT................................................................T........TTT............TTT
TTTT....................................................TTTTTTTTTTTTTTTTTTTTT@@@@@@@@@@@@@@@@@@@@@@@@@@@@@@@@@@@@@@@@@@@@@@@@@@@@@@@@@@@@@@@@@@@@@@@@@@@@@@@@TT....................................TTT....................................TTT.........TTTTTT
TTTT....................................................TTTTTTTTTTTTTTTTTTTTT@@@@@@@@@@@@@@@@@@@@@@@@@@@@@@@@@@@@@@@@@@@@@@@@@@@@@@@@@@@@@@@@@@@@@@@@@@@@@@@@TT.TT.................................TTTTTTTTTT.............................TTT.........TTTTTT
TTTT....................................................TTTTTT.TTTT..TTTTTTT@@@@@@@@@@@@@@@@@@@@@@@@@@@@@@@@@@@@@@@@@@@@@@@@@@@@@@@@@@@@@@@@@@@@@@@@@@@@@@@@@TTTTTT................................TTTTTTTTTT.............................TTT.........TTTTTT
TTTT.......................................................TTT............TT@@@@@@@@@@@@@@@@@@@@@@@@@@@@@@@@@@@@@@@@@@@@@@@@@@@@@@@@@@@@@@@@@@@@@@@@@@@@@@@@@TTTTTT................................TTTTTTTTTT.............................TTT.........TTTTTT
TTTT.......................................................TTT............TT@@@@@@@@@@@@@@@@@@@@@@@@@@@@@@@@@@@@@@@@@@@@@@@@@@@@@@@@@@@@@@@@@@@@@@@@@@@@@@@@@TTTTT.........................TTTTTTTTTTTTTTTTTTT........................................TTTTTT
T..........................................................TTT............TT@@@@@@@@@@@@@@@@@@@@@@@@@@@@@@@@@@@@@@@@@@@@@@@@@@@@@@@@@@@@@@@@@@@@@@@@@@@@@@@@@TTTT.........................TTTTTTTTTTT@@@@@@TTTTT.......................................TTTTT
T.........................................................................TTTTTTTTTTTTTTTTTTTTTTTTTTTTTTTTTTTTTTTTTTTTTTTTTTTTTTTTTTTTTTTTTTTTTTTTTTTTTTTTTTTTTTT...TTTT..................TTTT@@@@@TT@@@@@@TTTTT.......................................TTTTT
T......TTT................................................................TTTTTTTTTTTTTTTTTTTTTTTTTTTTTTTTTTTTTTTTTTTTTTTTTTTTTTTTTTTTTTTTTTTTTTTTTTTTTTTTTTTTTTT..TTTTT..................TT@@@@@@@@@@@@@@@@TTT...................TTTTTTTTTTT..........TTT.T
T......TTT................................................................TTTTTTTTT.TTTT@@@TTTT@@@TTTT@@TTTTTTTTTTTTTTT.TTTTTT@TTTTTTT.TTTTTTTTTTT.TTTTTTTTTTTTTT.TTTTT@T.................TT@@@@@@@@@@@@@@@@TTT...TT......TTT....TTTTTTTTTTTT...........TT.T
T......TT..................................................TTT............TTTTTTTTT.TTTTTTT....TTTTTTTTTTTTTTTTTTTTT....TTTTTT@TTTTT...TTTTTTTTTTT....TTTTTTTTT...TTTTTTT.................TT@@@@@@@@@@@@@@@@TTT..TTTTTTTTTTTTTTTTTTTTTTTTTTTT..............T
T..........................................................TTT............TTTT......TTTTTTT....TTTTTTTTTTTTTTTTTTTTT....TTTTTTTTTTT....TTTTTTTTTTT....TTTTTTTTT.....TTTTTTT............TTTTT@@@@@@@@@@@@@@@@TT@TTTTTTTT@TTTTTTTTTTTTTTTTTTTTTT............TT
T.......................................................TTTTTT............TTTT.TTTT....TTT.TTT.TTTTT..TTTTTTTT@@TTTT....TTTTTTTTTTT....TTTTTTTTTTT....TTTTTT@TT....TTTTTTTTTTTTT.......TTTTT@@@@@@@@@@@@@@@TTTTTTTTTTTTTTTTTTTTTTTTTTTTTTTTTTT............TT
TTTT....................................................TTTTTT............TTTT.TTTT....TTT.TTT.TTTTT...TT@TTTTTTTTTT....TTTTTTTTTTT....TTTTTTTTTTT....TTTTTTTTTTTTTTTTTTTTTTTTTTTTT...TTTTTT@@@@@@@@@@@@@@@TTTTTTTTTTTTTTTTTTTTTTTTTTTTTTTTTTT.TT.........TT
TTTT....................................................TTTTTT............TTTTTTTTT....TTT..TT.TTT.....TTTTTTTTTTTTT....TTTT...TTTT....TTTT...TTTT....TTTTTTTTTTTTTTTTTTTTTTTTTTTTT...TTTTTT@@@@@@@@@@@@@@@@@@@@@@@@@@@@@@@@@@@@@@@@@@@@@@@@TTTTT.........TT
TTTT....................................................TTTTTT............TTTTTTT......TTT.....TTT........TTTTTTTTT......TT.....TT......TT.....TT......TTTTTTTTTTTTTTTTTTTTTTTTTTTT...TTTTTTTTTTTTTTTTTTTTTTTTTTTTTTTTTTTTTTT@@@@@@@@@@@@@@@TTTTTT........TT
TTTT....................................................TTTTTT.............TTTTTT......TTT................TTTTTTT........................................TTTTTTTTTTTTTTTTTTTTTTTTTT...TTTTTTTTTTTTTTTTTTTTTTTTTTTTTTTTTTTTTTT@@@@@@@@@@@@@@@TTTTTTT.......TT
TTTT....................................................TTTTTT............TTTT............................TTTTTTT........................................TTTTT.TT.TTTT....TTTT............TTTT....TTTTTTTTTTTTTTTTTTTT..TTTT@@@@@@@@@@@@@@@@TTTTTT........TT
TTTT....................................................TTTTTT...........TTTTT.............................TTTTTT........................................TTTTT.TT......................................TTT....TTTT......TTTT@@@@@@@@@@@@@@@@TTTT......TTTTTT
TTTT....................................................TTTTTTT..........TTTTT.............................TTT.TT........................................TTTTT.TT.........................................................TT@@@@@@@@@@@@@@@@TTT.......TTTTTT
TTT.....................................................TTTTTTT............TTT.............................TTT............................................TTTT............................................................TT@@@@@@@@@@@@@@@@TTT...........TT
TT......................................................TTTTTTT............TTT.............................TTT............................................TTTT............................................................TT@@@@@@@@@@@@@@@@TTTTT.........TT
TT......................................................TTTTTT...........................................................................................................................................................TTT@@@@@@@@@@@@@@@@TTTTT.........TT
TT.....................................................TTTTTTT...........................................................................................................................................................TTT@@@@@@@@@@@@@@@@TTTTT.........TT
TT......TTTTTTTTTTT.....TTTTTTTTTT.......TTTTTTTTTT....TTTTTTT...........................................................................................................................................................TTT@@@@@@@@@@@@@@@@TTTTT.........TT
T.......TTTTTTTTTTT.....TTTTTTTTTT.......TTTTTTTTTT....TTTTTTT.............TTTTTTTTTTTTTT.......TT.........TTT............................................TTTT............................................................TT@@@@@@@@@@@@@@@@TTTTT.........TT
T.......TTTTTTTTTT......TTTTTTTTTT.......TTTTTTTTTT....TTTTTTT.............TTTTTTTTTTTTTTT......TTTT.......TTT.........TTTTT....TTTTT.....TTTTT...........TTTT............................................................TT@@@@@@@@@@@@@@@@TTTT..........TT
T.......TTTTTTTTTT......TTTTTTTTTT.......TTTTTTTTTT....TTTTTTT.............TTTTTTTTTTTTTT@TTTTTTTTTTTTTTTTTTTT.TTTTTTTTTTTTTTTTTTTTTTTT.T.TTTTTT........TTTTTT....................TT.........................TT...........TT@@@@@@@@@@@@@@@@TT............TT
T.......TTTTTTTTTT..TT..TTTTTTTTTT.......TTTTTTTTTT.TTT@TTTTTT.............TTTTTTTTTTTTTT@TTTTTTTTTTTTTTTTTTTTTTTTTTTTTTTTTTTTTTTTTTTTTTTTTTTTTT........TTTTTT.............TTTTTTTTTTTT....TTTT............TTTT.........TTTT@@@@@@@@@@@@@@@@TT............TT
TT......TTTTTTTTTT..TT..TTTTTTTTTT.......TTTTTTTTTT.TTT@TTTTTT.............TTTTTTTTTTTTTTTTTTTTTTTTTTTTTTTTTTTTTTTTTTTTTTTTTTTTTTTTTTTTTTTTTTTTTTTT...TTTTTTTTTTTTTT...TTTTTTTTTTTTTTTTTTTTTTTTTTTTT...TTTTTTTTTTTTT...TTTTTT@@@@@@@@@@@@@@@TT............TT
TT..TTT.TTTTTTTTTT..TTT.TTTTTTTTTT.......TTTTTTTTTT.TTT@TTTTTT.............TTTTTTTTTTTTTTTTTTTTTTTTTTTTTTTTTTTTTTTTTTTTTTTTTTTTTTTTTTTTTTTTTTTTTTTT...TTTTTTTTTTTTTT...TTTTTTTTTTTTTTTTTTTTTTTTTTTTT...TTTTTTTTTTTTT...TTTTTT@@@@@@@@@@@@@@@TT............TT
TTTTTTTTTTTTTTTTTTTTTTTTTTTTTTTTTTTT...TTTTTTTTTTTTTTTTTTTTTTTT...........TTTTTT@@@@@@@@@@@@@@@@@@@@@@@@@TTTT@@@@@@@@@@@@@@@@@@@@@@@@@@@@@@@@TTTTTT...TTTTT@TTTTTTTT...TTTTTTTT@@@@TTTT@@@@TTTTTTTTT...TTTTTTTTTTTTT...TTTTTTTT@@@@@@@@@@@@@TT............TT
@@@@@@@@@@@@TTTTTTTTTTTTTTTTTTTTTTTT...TTTTTTTTTTTTTTTTTTTTTTTT...........TT@@@@@@@@@@@@@@@@@@@@@@@@@@@@@@@@@@@@@@@@@@@@@@@@@@@@@@@@@@@@@@@@@TTTTTT...TTTTT@TTTTTTTT...TTTTTT@@@@@@@@@@@@@@@@TTTTTTT...TTTTTTTTTTTTT...TTTTTTTT@@@@@@@@@@@@@TT............TT
@@@@@@@@@@@@@@@@@@@@@@@@@@@@TTTTTTTT...TTTTTTTTTTTTTTTTTTTTTTTT...........TT@@@@@@@@@@@@@@@@@@@@@@@@@@@@@@@@@@@@@@@@@@@@@@@@@@@@@@@@@@@@@@@@@T............T@@TTTT........TTTT@@@@@@@@@@@@@@@@TTT............TTTT............TTT@@@@@@@@@@@@@TT............TT
@@@@@@@@@@@@@@@@@@@@@@@@@@@@TTTT................TTT........TTTT...........TTT@@@@@@@@@@@@@@@@@@@@@@@@@@@@@@@@@@@@@@@@@@@@@@@@@@@@@@@@@@@@@@@@T............T@@TTTT........TTTT@@@@@@@@@@@@@@@@TT.............TTTT.............TT@@@@@@@@@@@@@TT............TT
@@@@@@@@@@@@@@@@@@@@@@@@@@@@TTTTT.........................................TTT@@@@@@@@@@@@@@@@@@@@@@@@@@@@@@@@@@@@@@@@@@@@@@@@@@@@@@@@@@@@@@@@T............T@@TTTT........TTTT@@@@@@@@@@@@@@@@TT.............TTTT.............TT@@@@@@@@@@@@@TT.......TT.TTTT
@@@@@@@@@@@@@@@@@@@@@@@@@@@@TTTTT.........................................TTT@@@@@@@@@@@@@@@@@@@@@@@@@@@@@@@@@@@@@@@@@@@@@@@@@@@@@@@@@@@@@@@@T............T@@TTTT........TTTT@@@@@@@@@@@@@@@@TT.............TTTT.............TT@@@@@@@@@@@@@TT.......TTTTTTT
@@@@@@@@@@@@@@@@@@@@@@@@@@@@TTTTT.........................................TT@@@@@@@@@@@@@@@@@@@@@@@@@@@@@@@@@@@@@@@@@@@@@@@@@@@@@@@@@@@@@@@@@T............T@@TTTT........TTTT@@@@@@@@@@@@@@@@TTTT..........TTTTT.............TT@@@@@@@@@@@@@TT.......TTTTTTT
@@@@@@@@@@@@@@@@@@@@@@@@@@@@TTTTT.........................................TT@@@@@@@@@@@@@@@@@@@@@@@@@@@@@@@@@@@@@@@@@@@@@@@@@@@@@@@@@@@@@@@@@T............T@@TTT.........TTTT@@@@@@@@@@@@@@@@TTTT..........TTTTT...........TTTT@@@@@@@@@@@@@TT.......TTTTTTT
@@@@@@@@@@@@@@@@@@@@@@@@@@@@TTTT..........................................TT@@@@@@@@@@@@@@@@@@@@@@@@@@@@@@@@@@@@@@@@@@@@@@@@@@@@@@@@@@@@@@@@@T............T@@TTT.........TTTT@@@@@@@@@@@@@@@@TT@T..........TTTTT..........TTTTT@@@@@@@@@@@@@TT.......TTTTTTT
@@@@@@@@@@@@@@@@@@@@@@@@@@@@TTTT..........................................TT@@@@@@@@@@@@@@@@@@@@@@@@@@@@@@@@@@@@@@@@@@@@@@@@@@@@@@@@@@@@@@@@@T............T@@TTTT........TTTT@@@@@@@@@@@@@@@@TTT...........TTTTT...TTT...TTTTTT@@@@@@@@@@@@@TT.......TTTTTTT
@@@@@@@@@@@@@@@@@@@@@@@@@@@@TTTTTT........................................TT@@@@@@@@@@@@@@@@@@@@@@@@@@@@@@@@@@@@@@@@@@@@@@@@@@@@@@@@@@@@@@@@@T............T@@@@TTT.........TT@@@@@@@@@@@@@@@@TTT............TTTTTTTTTTTTTTTTT@T@@@@@@@@@@@@@TT........TTTTTT
@@@@@@@@@@@@@@@@@@@@@@@@@@@@TTTTT.........................................TT@@@@@@@@@@@@@@@@@@@@@@@@@@@@@@@@@@@@@@@@@@@@@@@@@@@@@@@@@@@@@@@@@T............T@@@@@TTT.........T@@@@@@@@@@@@@@@@TTTT...........TTTTTTTTTTTTTTTT@@@@@@@@@@@@@@@@TTTTTT....TTTTTT
@@@@@@@@@@@@@@@@@@@@@@@@@@@@TTTTT.........................................TT@@@@@@@@@@@@@@@@@@@@@@@@@@@@@@@@@@@@@@@@@@@@@@@@@@@@@@@@@@@@@@@@@T............T@@@@@@TTT........T@@@@@@@@@@@@@@@@TTTT..........TTTTTTTTTTTTTTTT@@@@@@@@@@@@@@@@@TTTTTTT..TTTTTTT
@@@@@@@@@@@@@@@@@@@@@@@@@@@@TTTTT........................................TTT@@@@@@@@@@@@@@@@@@@@@@@@@@@@@@@@@@@@@@@@@@@@@@@@@@@@@@@@@@@@@@@@@TTTTTTT...TTTT@TT@@@@TTTTTT.TT.T@@@@@@@@@@@@@@@@TTT...TT......TTTTTTTTTTTTTTT@@@@@@@@@@@@@@@@@@TTTTTTT..TTTTTTT
@@@@@@@@@@@@@@@@@@@@@@@@@@@@TTTT................TTT.....TTT...............TT@@@@@@@@@@@@@@@@@@@@@@@@@@@@@@@@@@@@@@@@@@@@@@@@@@@@@@@@@@@@@@@@@TTTTTTT...TTTT@TT@@@@@TTTTTTTTTT@@@@@@@@@@@@@@@@TT...TTTT.....TTTTTTTTTTTTTTTT@@@@@@@@@@@@@@@@@@@@@@@@@@@@@@@@@
@@@@@@@@@@@@@@@@@@@@@@@@@@@@TTTTTTTT...TTTTTTTTTTTTTTTTTTTTTTTTTTTTT...TTTTTT@@@@@@@@@@@@@@@@@@@@@@TTTTTTTTTTTTTTTTTTTTTTTTTTTTTTTTTTTTTTTTTTTTTTTTT...TTTTTTT@@@@@@TTTTTTTTT@@@@@@@@@@@@@@@@TT..TTTTTT....TTTTTTTTTTTTTTTT@@@@@@@@@@@@@@@@@@@@@@@@@@@@@@@@@
@@@@@@@@@@@@@@@@@@@@@@@@@@@@TTTTTTTT...TTTTTTTTTTTTTTTTTTTTTTTTTTTTT...TTTTTT@@@@@@@@@@@@@@@@@@@@@@TTTTTTTTTTTTTTTTTTTTTTTTTTTTTTTTTTTTTTTTTTTTTTTTT...TTTTTTT@@@@@@@@@@@@TTT@@@@@@@@@@@@@@@@TTTTTTTTTT.....TTTT@@@@@@@T@@T@@@@@@@@@@@@@@@@@@@@@@@@@@@@@@@@@
@@@@@@@@@@@@@@@@@@@@@@@@@@@@TTTTTTTT...TTTTTTT@@TTT@@@@@TTT@TTTTTTTT...TTTTTTT@@@@@@@@@@@@@@@@@@@@@@TTTTT....TTTT........TTTTTTTTTTTT......TTTT..........TTT@@@@@@@@@@@@@@@@@@@@@@@@@@@@@@@@@TTTTTTTTTTT....T@@@@@@@@@@@@@@@@@@@@@@@@@@@@@@@@@@@@@@@@@@@@@@@
@@@@@@@@@@@@@@@@@@@@@@@@@@@@TTTTTTTT...TTTTTTTT@@@@@@@@@@@@@TTTTTTTT...TTTTTTTT@@@@@@@@@@@@@@@@@@@@@TTTTTTTT.............TTTT..TTTTT.....................TTT@@@@@@@@@@@@@@@@@@@@@@@@@@@@@@@@@TT@TTTTTT......T@@@@@@@@@@@@@@@@@@@@@@@@@@@@@@@@@@@@@@@@@@@@@@@
@@@@@@@@@@@@@@@@@@@@@@@@@@@TTTTT...........TTTTT@@@@@@@@@@@TTTT...........TTTTTT@@@@@@@@@@@@@@@@@@@@TTTTT@TT....................TTTTT.....................TT@@@@@@@@@@@@@@@@@@@@@@@@@@@@@@@@@TT@@TTTT...TTT.T@@@@@@@@@@@@@@@@@@@@@@@@@@@@@@@@@@@@@@@@@@@@@@@
@@@@@@@@@@@@@@@@@@@@@@@@@@TT..................TTT@@@@@@@@@TTTTT...........TTTTTTT@@@@@@@@@@@@@@@@@@@TTTTTTTT....................TTT.......................TT@@@@@@@@@@@@@@@@@@@@@@@@@@@@@@@@@TTTTTTT....TTTTT@@@@@@@@@@@@@@@@@@@@@@@@@@@@@@@@@@@@@@@@@@@@@@@
@@@@@@@@@@@@@@@@@@@@@@@@@TT....................TTT@@@@@@@TTTTT.............TTTTTTT@@@@@@@@@@@@@@@@@@TTTTTTTT..............................................TT@@@@@@@@@@@@@@@@@@@@@@@@@@@@@@@@@TTTTTTTTTTTTTTTT@@@@@@@@@@@@@@@@@@@@@@@@@@@@@@@@@@@@@@@@@@@@@@@
@@@@@@@@@@@@@@@@@@@@@@@@TT......................TTT@@@@@TT@TT..............TTT@@TTT@@@@@@@@@@@@@@@@@TTTTTT................................................TT@@@@@@@@@@@@@@@@@@@@@@@@@@@@@@@@@TTTTTTTTTTTTTTTT@@@@@@@@@@@@@@@@@@@@@@@@@@@@@@@@@@@@@@@@@@@@@@@
@@@@@@@@@@@@@@@@@@@@@@@TT........................TTT@@@TTTT................TTTT@@TTT@@@@@@@@@@@@@@@@TTTTTT................................................TT@@@@@@@@@@@@@@@@@@@@@@@@@@@@@@@@@TTTT@@@@@@@@@TTT@@@@@@@@@@@@@@@@@@@@@@@@@@@@@@@@@@@@@@@@@@@@@@@
@@@@@@@@@@@@@@@@@@@@@TTTT.........................TTTTTTTTT....................TTTTTT@@@@@@@@@@@@@@@TT..................................................TTTT@@@@@@@@@@@@@@@@@@@@@@@@@@@@@@@@@@@@@@@@@@@@@@@@@@@@@@@@@@@@@@@@@@@@@@@@@@@@@@@@@@@@@@@@@@@@@@@@
@@@@@@@@@@@@@@@@@@@@@TTTT.........................TTTTTTTTT....................TTTTTT@@@@@@@@@@@@@@@TT..................................................TTTT@@@@@@@@@@@@@@@@@@@@@@@@@@@@@@@@@@@@@@@@@@@@@@@@@@@@@@@@@@@@@@@@@@@@@@@@@@@@@@@@@@@@@@@@@@@@@@@@
@@@@@@@@@@@@@@@@@@@@@TTTT.........................TTTTTTT.....................TTTTTTT@@@@@@@@@@@@@@@TT..................................................TTTT@@@@@@@@@@@@@@@@@@@@@@@@@@@@@@@@@@@@@@@@@@@@@@@@@@@@@@@@@@@@@@@@@@@@@@@@@@@@@@@@@@@@@@@@@@@@@@@@
@@@@@@@@@@@@@@@@@@@@@TT............................TTTTTT.....................TTTTTTT@@@@@@@@@@@@@@@TTTT................................................TTTT@@@@@@@@@@@@@@@@@@@@@@@@@@@@@@@@@@@@@@@@@@@@@@@@@@@@@@@@@@@@@@@@@@@@@@@@@@@@@@@@@@@@@@@@@@@@@@@@
@@@@@@@@@@@@@@@@@@@@@TT............................TTTT@T.....................TTTTTTT@@@@@@@@@@@@@@@TTTT................................................TTTT@@@@@@@@@@@@@@@@@@@@@@@@@@@@@@@@@@@@@@@@@@@@@@@@@@@@@@@@@@@@@@@@@@@@@@@@@@@@@@@@@@@@@@@@@@@@@@@@
@@@@@@@@@@@@@@@@@@@@@TT............................TTTTTTT......................TTTTT@@@@@@@@@@@@@@@TTT@TTTTT...........................................TTTT@@@@@@@@@@@@@@@@@@@@@@@@@@@@@@@@@@@@@@@@@@@@@@@@@@@@@@@@@@@@@@@@@@@@@@@@@@@@@@@@@@@@@@@@@@@@@@@@
@@@@@@@@@@@@@@@@@@@@@TT............................TTTTTTT.......................TTTT@@@@@@@@@@@@@@@TTT@T@@TT.............................................TT@@@@@@@@@@@@@@@@@@@@@@@@@@@@@@@@@@@@@@@@@@@@@@@@@@@@@@@@@@@@@@@@@@@@@@@@@@@@@@@@@@@@@@@@@@@@@@@@
@@@@@@@@@@@@@@@@@@@@@T.............................TTTTTTT........................TTT@@@@@@@@@@@@@@@TTT@T@@TT..........................................TTTTT@@@@@@@@@@@@@@@@@@@@@@@@@@@@@@@@@@@@@@@@@@@@@@@@@@@@@@@@@@@@@@@@@@@@@@@@@@@@@@@@@@@@@@@@@@@@@@@@
@@@@@@@@@@@@@@@@@@@@@T.............................TTTTTTT........................TTT@@@@@@@@@@@@@@@TTT@T@@TT...TT.....................................TTTT@@@@@@@@@@@@@@@@@@@@@@@@@@@@@@@@@@@@@@@@@@@@@@@@@@@@@@@@@@@@@@@@@@@@@@@@@@@@@@@@@@@@@@@@@@@@@@@@@
@@@@@@@@@@@@@@@@@@@@@T.............................TTTTTTT........................TTT@@@@@@@@@@@@@@@TT@@T@@TT...TTTTTTTTT..............TTTTTTTT..T.....TTTT@@@@@@@@@@@@@@@@@@@@@@@@@@@@@@@@@@@@@@@@@@@@@@@@@@@@@@@@@@@@@@@@@@@@@@@@@@@@@@@@@@@@@@@@@@@@@@@@@
@@@@@@@@@@@@@@@@@@@@@TT............................TTTTTTT........................TTT@@@@@@@@@@@@@@@TT@@T@@TT....T@@@@@@T..............T@@@@@@T.TTT....TTTT@@@@@@@@@@@@@@@@@@@@@@@@@@@@@@@@@@@@@@@@@@@@@@@@@@@@@@@@@@@@@@@@@@@@@@@@@@@@@@@@@@@@@@@@@@@@@@@@@
@@@@@@@@@@@@@@@@@@@@@TT............................TTTTTTT........................TTT@@@@@@@@@@@@@@@TT@@T@@TT....T@@@@@@T.....TTTTT....T@@@@@@T..TTT...TTTT@@@@@@@@@@@@@@@@@@@@@@@@@@@@@@@@@@@@@@@@@@@@@@@@@@@@@@@@@@@@@@@@@@@@@@@@@@@@@@@@@@@@@@@@@@@@@@@@@
@@@@@@@@@@@@@@@@@@@@@TT............................TTTTTTT........................TTT@@@@@@@@@@@@@@@TT@@TTTTTTTT.TTTTTTTT.TTTTTTTTTTTT.TTTTTTTT...TTT..TTTT@@@@@@@@@@@@@@@@@@@@@@@@@@@@@@@@@@@@@@@@@@@@@@@@@@@@@@@@@@@@@@@@@@@@@@@@@@@@@@@@@@@@@@@@@@@@@@@@@
@@@@@@@@@@@@@@@@@@@@@TTTT.........................TTTTTTTT....................TTT.TTT@@@@@@@@@@@@@@@TT@@@@TTTTTTTTTTTTTTTTTTTTTTTTTTTTTTTTTTTTTTTTTTTTTTTTT@@@@@@@@@@@@@@@@@@@@@@@@@@@@@@@@@@@@@@@@@@@@@@@@@@@@@@@@@@@@@@@@@@@@@@@@@@@@@@@@@@@@@@@@@@@@@@@@@
@@@@@@@@@@@@@@@@@@@@@TTTT.........................TTTTTTTTT...................TTTTTTT@@@@@@@@@@@@@@@@@@@@@@TTTTTTTTTTTTTTTTTTTTTTTTTTTTTTTTTTTTTTTTTTTTTTTT@@@@@@@@@@@@@@@@@@@@@@@@@@@@@@@@@@@@@@@@@@@@@@@@@@@@@@@@@@@@@@@@@@@@@@@@@@@@@@@@@@@@@@@@@@@@@@@@@
@@@@@@@@@@@@@@@@@@@@@TTTT.........................TTTTTTTTTT...................TTTTTT@@@@@@@@@@@@@@@@@@@@@@@@@@@@@@@@@@@@@@@@@@@@@@@@@@@@@@@@@@@@@@@@@@@@@@@@@@@@@@@@@@@@@@@@@@@@@@@@@@@@@@@@@@@@@@@@@@@@@@@@@@@@@@@@@@@@@@@@@@@@@@@@@@@@@@@@@@@@@@@@@@@@@@@
@@@@@@@@@@@@@@@@@@@@@TTTT.........................TTTTTTTTTT...................TTTTTT@@@@@@@@@@@@@@@@@@@@@@@@@@@@@@@@@@@@@@@@@@@@@@@@@@@@@@@@@@@@@@@@@@@@@@@@@@@@@@@@@@@@@@@@@@@@@@@@@@@@@@@@@@@@@@@@@@@@@@@@@@@@@@@@@@@@@@@@@@@@@@@@@@@@@@@@@@@@@@@@@@@@@@@
@@@@@@@@@@@@@@@@@@@@@TTTT........................TT@@TTT@TTT......................TTT@@@@@@@@@@@@@@@@@@@@@@@@@@@@@@@@@@@@@@@@@@@@@@@@@@@@@@@@@@@@@@@@@@@@@@@@@@@@@@@@@@@@@@@@@@@@@@@@@@@@@@@@@@@@@@@@@@@@@@@@@@@@@@@@@@@@@@@@@@@@@@@@@@@@@@@@@@@@@@@@@@@@@@@
@@@@@@@@@@@@@@@@@@@@@T@TTT......................TT@@@@TTTTTT.....................TTT@@@@@@@@@@@@@@@@@@@@@@@@@@@@@@@@@@@@@@@@@@@@@@@@@@@@@@@@@@@@@@@@@@@@@@@@@@@@@@@@@@@@@@@@@@@@@@@@@@@@@@@@@@@@@@@@@@@@@@@@@@@@@@@@@@@@@@@@@@@@@@@@@@@@@@@@@@@@@@@@@@@@@@@@
@@@@@@@@@@@@@@@@@@@@@T@@TTT....................TT@@@@@@TTT.....TT..TTT..TT......TTT@@@@@@@@@@@@@@@@@@@@@@@@@@@@@@@@@@@@@@@@@@@@@@@@@@@@@@@@@@@@@@@@@@@@@@@@@@@@@@@@@@@@@@@@@@@@@@@@@@@@@@@@@@@@@@@@@@@@@@@@@@@@@@@@@@@@@@@@@@@@@@@@@@@@@@@@@@@@@@@@@@@@@@@@@
@@@@@@@@@@@@@@@@@@@@@T@@@TTTTTTT...........TTTTT@@@@@@@@TTT....TT.TTTTTTTTT....TTT@@@@@@@@@@@@@@@@@@@@@@@@@@@@@@@@@@@@@@@@@@@@@@@@@@@@@@@@@@@@@@@@@@@@@@@@@@@@@@@@@@@@@@@@@@@@@@@@@@@@@@@@@@@@@@@@@@@@@@@@@@@@@@@@@@@@@@@@@@@@@@@@@@@@@@@@@@@@@@@@@@@@@@@@@@
@@@@@@@@@@@@@@@@@@@@@@@@@@TTTTTT....TTT....TTTT@@@@@@@@@@TTTTTTTT..TTT@TTTTTTTTTT@@@@@@@@@@@@@@@@@@@@@@@@@@@@@@@@@@@@@@@@@@@@@@@@@@@@@@@@@@@@@@@@@@@@@@@@@@@@@@@@@@@@@@@@@@@@@@@@@@@@@@@@@@@@@@@@@@@@@@@@@@@@@@@@@@@@@@@@@@@@@@@@@@@@@@@@@@@@@@@@@@@@@@@@@@@
@@@@@@@@@@@@@@@@@@@@@@@@@@@TTTTTTTTTTTTTTTTTTT@@@@@@@@@@@@TTTTT....TTTTTTTTTTTTT@@@@@@@@@@@@@@@@@@@@@@@@@@@@@@@@@@@@@@@@@@@@@@@@@@@@@@@@@@@@@@@@@@@@@@@@@@@@@@@@@@@@@@@@@@@@@@@@@@@@@@@@@@@@@@@@@@@@@@@@@@@@@@@@@@@@@@@@@@@@@@@@@@@@@@@@@@@@@@@@@@@@@@@@@@@@
@@@@@@@@@@@@@@@@@@@@@@@@@@@@TTTTTTTTTTTTTTTTTT@@@@@@@@@@@@@TTTTTTTTTTTTTTTTTTTT@@@@@@@@@@@@@@@@@@@@@@@@@@@@@@@@@@@@@@@@@@@@@@@@@@@@@@@@@@@@@@@@@@@@@@@@@@@@@@@@@@@@@@@@@@@@@@@@@@@@@@@@@@@@@@@@@@@@@@@@@@@@@@@@@@@@@@@@@@@@@@@@@@@@@@@@@@@@@@@@@@@@@@@@@@@@@
@@@@@@@@@@@@@@@@@@@@@@@@@@@@@@@@@@@@@@@@@@@TTT@@@@@@@@@@@@@@TTTTTTTTTTTTTTTTTT@@@@@@@@@@@@@@@@@@@@@@@@@@@@@@@@@@@@@@@@@@@@@@@@@@@@@@@@@@@@@@@@@@@@@@@@@@@@@@@@@@@@@@@@@@@@@@@@@@@@@@@@@@@@@@@@@@@@@@@@@@@@@@@@@@@@@@@@@@@@@@@@@@@@@@@@@@@@@@@@@@@@@@@@@@@@@@
@@@@@@@@@@@@@@@@@@@@@@@@@@@@@@@@@@@@@@@@@@@@@@@@@@@@@@@@@@@@@@@@@@@TTTT@@@@@@@@@@@@@@@@@@@@@@@@@@@@@@@@@@@@@@@@@@@@@@@@@@@@@@@@@@@@@@@@@@@@@@@@@@@@@@@@@@@@@@@@@@@@@@@@@@@@@@@@@@@@@@@@@@@@@@@@@@@@@@@@@@@@@@@@@@@@@@@@@@@@@@@@@@@@@@@@@@@@@@@@@@@@@@@@@@@@@
