type octile
height 40
width 39
map
@@@@@@@@@@@@@@@@@@@@@TTTTTTTTTTTTTTTTT@
@@@@@@@@@@@@@@@@@@@@TTTTTTTTTTTTTTTTTTT
@@@@@@@@@@@@@@@@@@@@TTTTTTTTTTTTTTTTTTT
@@@@@@@@@@@@@@@@@@@@TTTTTTT....TTTTTTTT
@@@@@@@@@@@@@@@@@@@@TTTTT......TTTTTTTT
@@@@@@@@@@@@@@@@@@@@TTT...........TTTTT
@@@@@@@TTTTTTTTTTTTTTTT............TTTT
@@@@@@@TTTTTTTTTTTTTTTTTTTTTTTTTT....TT
@@@@@@@TTTTT..TTTTTT@TT@TTTTTTTTT....TT
@@@@@@@TTTTT......TTTTTTTTTTTTTTT....TT
@@@@@@@TTTTT......TTTTTTTTTTTTTTT....TT
@@@@@@@TTTTT.........................TT
@@@@@@@TT............................TT
@@@@@@@TTT...........................TT
@@@@@@@TTT...........................T@
@@@@@@@T@TT..........................@@
@@@@@@@TTTTTT........................@@
@@@@@@@TTTTTT..........TTT...........@@
@@@@@@@T@TTT..........TTTTT..........@@
@@@@@@@T@@TTT..........TTTT.......TTTT@
@@@@@@@TTTTT.............TT......TTTTTT
@@@@@@@TTTT......................TTTTTT
@@@@@@@TTTT......................TTTTTT
@@@@@@@TTTT.......................TTTTT
@@@@@@@TTTT......................TTTTTT
@@@@@@@TTTT......................TTTTTT
@@@@@@TT..........................TTTTT
@@@@@@TT...........................TTTT
@TTTTTTT...........................TTTT
@TTTTTTT...........................TTTT
@TTTTT.........................TTTTTTTT
@TTTT..........................TTTTTTTT
TTTTT.......TTTT....TTTTTTTT...TTTTTTT@
TTTTT....TTTTTTTTT..TTTTT@@@@@@@@@@@@@@
TTTTT....TTTTTTTTTTTTTTTT@@@@@@@@@@@@@@
TTTTT...TTT@TTTTTTTTTTT@@@@@@@@@@@@@@@@
TTTTTTTTTTT@@@@@@@@@@@@@@@@@@@@@@@@@@@@
TTTTTTTTTTT@@@@@@@@@@@@@@@@@@@@@@@@@@@@
TTTTTTTTTTTT@@@@@@@@@@@@@@@@@@@@@@@@@@@
@@TTTTTTTTT@@@@@@@@@@@@@@@@@@@@@@@@@@@@
